+----------------------+-------+------------+
| REPO                 | STARS | CREATED    |
+----------------------+-------+------------+
| terraform-google-bar |     5 | 2021-01-03 |
| terraform-google-foo |    10 | 2022-11-03 |
| terraform-foo        |    10 | 2022-11-03 |
+----------------------+-------+------------+
